// Jest Snapshot v1, https://goo.gl/fbAQLP

exports[`should take a snapshot 1`] = `
<DocumentFragment>
  <div
    class="wrapper"
  >
    <div
      class="form"
    >
      <h1
        class="title"
      >
        TEXTR
      </h1>
      <form>
        <input
          class="input"
          placeholder="Username"
          required=""
          type="text"
          value=""
        />
        <input
          class="input"
          placeholder="Password"
          required=""
          type="password"
          value=""
        />
        <div
          align="center"
        >
          <button
            class="button"
            type="submit"
          >
            <span>
              Login
            </span>
          </button>
        </div>
        <h2
          class="error"
        >
            
        </h2>
      </form>
      <button>
        Sign up
      </button>
    </div>
  </div>
</DocumentFragment>
`;
